{
  "version": "1.5.0",
  "plugins_used": [
    {
      "name": "ArtifactoryDetector"
    },
    {
      "name": "AWSKeyDetector"
    },
    {
      "name": "AzureStorageKeyDetector"
    },
    {
      "name": "Base64HighEntropyString",
      "limit": 4.5
    },
    {
      "name": "BasicAuthDetector"
    },
    {
      "name": "CloudantDetector"
    },
    {
      "name": "DiscordBotTokenDetector"
    },
    {
      "name": "GitHubTokenDetector"
    },
    {
      "name": "GitLabTokenDetector"
    },
    {
      "name": "HexHighEntropyString",
      "limit": 3.0
    },
    {
      "name": "IbmCloudIamDetector"
    },
    {
      "name": "IbmCosHmacDetector"
    },
    {
      "name": "IPPublicDetector"
    },
    {
      "name": "JwtTokenDetector"
    },
    {
      "name": "KeywordDetector",
      "keyword_exclude": ""
    },
    {
      "name": "MailchimpDetector"
    },
    {
      "name": "NpmDetector"
    },
    {
      "name": "OpenAIDetector"
    },
    {
      "name": "PrivateKeyDetector"
    },
    {
      "name": "PypiTokenDetector"
    },
    {
      "name": "SendGridDetector"
    },
    {
      "name": "SlackDetector"
    },
    {
      "name": "SoftlayerDetector"
    },
    {
      "name": "SquareOAuthDetector"
    },
    {
      "name": "StripeDetector"
    },
    {
      "name": "TelegramBotTokenDetector"
    },
    {
      "name": "TwilioKeyDetector"
    }
  ],
  "filters_used": [
    {
      "path": "detect_secrets.filters.allowlist.is_line_allowlisted"
    },
    {
      "path": "detect_secrets.filters.common.is_ignored_due_to_verification_policies",
      "min_level": 2
    },
    {
      "path": "detect_secrets.filters.heuristic.is_indirect_reference"
    },
    {
      "path": "detect_secrets.filters.heuristic.is_likely_id_string"
    },
    {
      "path": "detect_secrets.filters.heuristic.is_lock_file"
    },
    {
      "path": "detect_secrets.filters.heuristic.is_not_alphanumeric_string"
    },
    {
      "path": "detect_secrets.filters.heuristic.is_potential_uuid"
    },
    {
      "path": "detect_secrets.filters.heuristic.is_prefixed_with_dollar_sign"
    },
    {
      "path": "detect_secrets.filters.heuristic.is_sequential_string"
    },
    {
      "path": "detect_secrets.filters.heuristic.is_swagger_file"
    },
    {
      "path": "detect_secrets.filters.heuristic.is_templated_secret"
    }
  ],
  "results": {
    "configs\\customer_openapi.accounts.example.json": [
      {
        "type": "Secret Keyword",
        "filename": "configs\\customer_openapi.accounts.example.json",
        "hashed_secret": "bff547c7eda13e72fdd0e474cc2dee0a56498ba3",
        "is_verified": false,
        "line_number": 6
      }
    ],
    "configs\\customer_openapi.local.example.env": [
      {
        "type": "Secret Keyword",
        "filename": "configs\\customer_openapi.local.example.env",
        "hashed_secret": "bff547c7eda13e72fdd0e474cc2dee0a56498ba3",
        "is_verified": false,
        "line_number": 4
      }
    ],
    "data\\yaml\\customer_api_test_data.yaml": [
      {
        "type": "Secret Keyword",
        "filename": "data\\yaml\\customer_api_test_data.yaml",
        "hashed_secret": "7fa4bc5b5ebfef1e71e688ab811fa1dc86ff7803",
        "is_verified": false,
        "line_number": 105
      },
      {
        "type": "Secret Keyword",
        "filename": "data\\yaml\\customer_api_test_data.yaml",
        "hashed_secret": "85c08fb0ff6bae7e56652ee15d4f049d67605dbd",
        "is_verified": false,
        "line_number": 107
      }
    ],
    "docs\\CONFIGURATION.md": [
      {
        "type": "Secret Keyword",
        "filename": "docs\\CONFIGURATION.md",
        "hashed_secret": "65cf8cd353cae2b48a8480cc49cd2e7dabb1bbb3",
        "is_verified": false,
        "line_number": 56
      }
    ],
    "tools\\db_redis_cli.py": [
      {
        "type": "Basic Auth Credentials",
        "filename": "tools\\db_redis_cli.py",
        "hashed_secret": "10da500ee8f6656b743f91903cbc853cfe7fde3b",
        "is_verified": false,
        "line_number": 12
      }
    ],
    "tools\\multi_agent_runner.py": [
      {
        "type": "Secret Keyword",
        "filename": "tools\\multi_agent_runner.py",
        "hashed_secret": "f2b14f68eb995facb3a1c35287b778d5bd785511",
        "is_verified": false,
        "line_number": 329
      }
    ]
  },
  "generated_at": "2026-07-22T06:32:45Z"
}
